FULL CONTRADICTION DETECTION TEST (20 pairs)
======================================================================
[1/20] I work at Microsoft... -> I work at Amazon... DETECTED
[2/20] I am 25 years old... -> I am 30 years old... MISSED
[3/20] I live in Seattle... -> I live in New York... DETECTED
[4/20] I prefer coffee... -> I hate coffee... MISSED
[5/20] I like dogs... -> I am allergic to dogs... MISSED
[6/20] I am a vegetarian... -> I love steak... MISSED
[7/20] I speak English... -> I only speak Spanish... MISSED
[8/20] I am single... -> I am married... DETECTED
[9/20] I drive a Tesla... -> I do not own a car... MISSED
[10/20] I wake up at 6am... -> I never wake up before no... MISSED
[11/20] I love winter... -> I hate cold weather... MISSED
[12/20] I am an introvert... -> I am extremely extroverte... DETECTED
[13/20] I hate flying... -> I love airplanes... MISSED
[14/20] I am a night owl... -> I am a morning person... MISSED
[15/20] I live alone... -> I have 5 roommates... MISSED
[16/20] I am allergic to peanuts... -> I eat peanut butter daily... MISSED
[17/20] I am left-handed... -> I am right-handed... DETECTED
[18/20] I hate sports... -> I play basketball every d... MISSED
[19/20] I am a minimalist... -> I am a hoarder... MISSED
[20/20] I never drink alcohol... -> I drink wine every night... MISSED
======================================================================
DETECTION RATE: 5/20 (25.0%)
FAILURE: Detection rate still too low
Saved to retest_detection_results.json
