Loading weights:   0%|          | 0/103 [00:00<?, ?it/s]Loading weights: 100%|██████████| 103/103 [00:00<00:00, 7998.77it/s]
{
  "project_fisher_distance": {
    "n": 36,
    "tp": 0,
    "fp": 4,
    "fn": 18,
    "tn": 14,
    "precision": 0.0,
    "recall": 0.0,
    "false_positive_rate": 0.2222222222222222,
    "balanced_accuracy": 0.3888888888888889,
    "auroc": 0.23765432098765432
  },
  "project_fisher_mean_only": {
    "n": 36,
    "tp": 0,
    "fp": 4,
    "fn": 18,
    "tn": 14,
    "precision": 0.0,
    "recall": 0.0,
    "false_positive_rate": 0.2222222222222222,
    "balanced_accuracy": 0.3888888888888889,
    "auroc": 0.2345679012345679
  },
  "project_fisher_covariance_only": {
    "n": 36,
    "tp": 1,
    "fp": 2,
    "fn": 17,
    "tn": 16,
    "precision": 0.3333333333333333,
    "recall": 0.05555555555555555,
    "false_positive_rate": 0.1111111111111111,
    "balanced_accuracy": 0.4722222222222222,
    "auroc": 0.43827160493827166
  },
  "centroid_cosine_distance": {
    "n": 36,
    "tp": 1,
    "fp": 5,
    "fn": 17,
    "tn": 13,
    "precision": 0.16666666666666666,
    "recall": 0.05555555555555555,
    "false_positive_rate": 0.2777777777777778,
    "balanced_accuracy": 0.3888888888888889,
    "auroc": 0.2222222222222222
  },
  "mean_cross_cosine_distance": {
    "n": 36,
    "tp": 1,
    "fp": 5,
    "fn": 17,
    "tn": 13,
    "precision": 0.16666666666666666,
    "recall": 0.05555555555555555,
    "false_positive_rate": 0.2777777777777778,
    "balanced_accuracy": 0.3888888888888889,
    "auroc": 0.25617283950617287
  },
  "word_tfidf_cosine_distance": {
    "n": 36,
    "tp": 0,
    "fp": 3,
    "fn": 18,
    "tn": 15,
    "precision": 0.0,
    "recall": 0.0,
    "false_positive_rate": 0.16666666666666666,
    "balanced_accuracy": 0.4166666666666667,
    "auroc": 0.2839506172839506
  }
}
Fisher minus centroid AUROC family-bootstrap interval: [-0.030864197530864224, 0.06496913580246835]
